
--- supervisor spawn 2026-07-11T21:50:54.376Z parent=202756 ---

--- watcher spawn 2026-07-11T21:50:54.804Z supervisor=150424 reason=initial ---
[plugkit-wasm] plugkit v0.1.849 (wasm)
[plugkit-wasm] watching C:\dev\tj\.gm\exec-spool\in
[plugkit-wasm] spool watcher running
[plugkit-wasm] evt: {"event":"codeinsight_rebuild","reason":"digest-absent","stored_then_current":"v2:80ea7bb005f0db11:files=21","ts":1783806659973}
[plugkit-wasm:warn] code_index: indexing root=. files=25 libsql_ok=true manifests=0
[plugkit-wasm] evt: {"event":"embed.wasm-loading","reason":"host_vec_embed probe failed; loading wasm-side bert model","ts":1783806660410}
[plugkit-wasm] evt: {"embed_dim":384,"event":"embed.model-loaded","model":"BAAI/bge-small-en-v1.5","num_hidden_layers":12,"safetensors_bytes":133466304,"tokenizer_bytes":711396,"ts":1783806665297}
[plugkit-wasm:warn] embed::init_ctx OK (host_delegated=false)
[plugkit-wasm] evt: {"event":"embed_init_ok","host_delegated":false,"safetensors_bytes":133466304,"tokenizer_bytes":711396,"ts":1783806665299}
[plugkit-wasm:warn] code_index: partial pass (wall budget) files_indexed=4 deferred_files=17 embedded=18 reused=0 -- digest withheld, next call resumes
[plugkit-wasm] evt: {"deferred_files":17,"embedded":18,"event":"codeinsight_index_partial","files_indexed":4,"ts":1783806677240}
[plugkit-wasm] evt: {"deferred_count":0,"event":"rssearch_vectors_migrated","migrated_count":18,"namespace":"codeinsight","skipped_count":0,"ts":1783806677793}
[plugkit-wasm] evt: {"event":"embed.query_cache_hit","query_len":12,"ts":1783806677941}
[dispatch] -> verb=instruction task=1 body=71b
[plugkit-wasm] evt: {"event":"memory_md_exported","exported":0,"namespace":"default","skipped":0,"total":0,"ts":1783806685941}
[plugkit-wasm] evt: {"event":"recall","hit":false,"mode":"auto_recall","n_hits":0,"namespace":"default","query":"Get tianji project run training using","sub":"memory","ts":1783806686088}
[plugkit-wasm] evt: {"event":"recall","hit":false,"mode":"auto_recall","n_hits":0,"namespace":"default","query":"ccwatch project tianji","sub":"memory","ts":1783806686329}
[plugkit-wasm:warn] instruction::handle start body_len=71
[plugkit-wasm:err] WASM PANIC at src/orchestrator/mod.rs:73:5: gm_dir: project root resolution failed after 5 attempts via `git rev-parse --show-toplevel --git-common-dir` -- refusing to silently fall back to CLAUDE_PROJECT_DIR/HOME, which would mis-root every stateful verb onto the wrong tree. Check for git subprocess/lock contention or a missing .git directory.
[plugkit-wasm] evt: {"event":"wasm_panic","location":"src/orchestrator/mod.rs:73:5","message":"gm_dir: project root resolution failed after 5 attempts via `git rev-parse --show-toplevel --git-common-dir` -- refusing to silently fall back to CLAUDE_PROJECT_DIR/HOME, which would mis-root every stateful verb onto the wrong tree. Check for git subprocess/lock contention or a missing .git directory.","ts":1783806687037}
[plugkit-wasm] error processing instruction\1.txt: Unreachable code should not be executed (evaluating 'dispatch(verbPtr, verbBytes.length, bodyPtr, bodyBytes.length)')
[dispatch] -> verb=instruction task=2 body=71b
[plugkit-wasm] evt: {"event":"embed.query_cache_hit","query_len":58,"ts":1783806716025}
[plugkit-wasm] evt: {"event":"recall","hit":false,"mode":"auto_recall","n_hits":0,"namespace":"default","query":"Get tianji project run training using","sub":"memory","ts":1783806716171}
[plugkit-wasm] evt: {"event":"embed.query_cache_hit","query_len":22,"ts":1783806716172}
[plugkit-wasm] evt: {"event":"recall","hit":false,"mode":"auto_recall","n_hits":0,"namespace":"default","query":"ccwatch project tianji","sub":"memory","ts":1783806716302}
[plugkit-wasm:warn] instruction::handle start body_len=71
[plugkit-wasm:err] WASM PANIC at /rustc/2d8144b7880597b6e6d3dfd63a9a9efae3f533d3/library/std/src/sync/once.rs:226:20: one-time initialization may not be performed recursively
[plugkit-wasm] evt: {"event":"wasm_panic","location":"/rustc/2d8144b7880597b6e6d3dfd63a9a9efae3f533d3/library/std/src/sync/once.rs:226:20","message":"one-time initialization may not be performed recursively","ts":1783806716308}
[plugkit-wasm] error processing instruction\2.txt: Unreachable code should not be executed (evaluating 'dispatch(verbPtr, verbBytes.length, bodyPtr, bodyBytes.length)')

--- watcher spawn 2026-07-11T21:52:55.217Z supervisor=150424 reason=unplanned-restart-after-exit ---
[plugkit-wasm] stale lock (holder pid=197128 dead, age=3612ms); taking over
[plugkit-wasm] SILENT ABORT detected: prior watcher pid=197128 sha=48ccb37424c4 died without writing .shutdown-reason.json (age=120125ms, prior_pid_alive=false)
[plugkit-wasm] plugkit v0.1.849 (wasm)
[plugkit-wasm] watching C:\dev\tj\.gm\exec-spool\in
[plugkit-wasm] UNPLANNED RESTART detected -- prior watcher died without writing .shutdown-reason.json. prior_status_age_ms=8174 boot_reason=unplanned-restart-after-exit
[plugkit-wasm] spool watcher running
[plugkit-wasm] evt: {"event":"codeinsight_rebuild","reason":"digest-absent","stored_then_current":"v2:80ea7bb005f0db11:files=21","ts":1783806779948}
[plugkit-wasm:warn] code_index: indexing root=. files=25 libsql_ok=true manifests=4
[plugkit-wasm] evt: {"event":"embed.wasm-loading","reason":"host_vec_embed probe failed; loading wasm-side bert model","ts":1783806780278}
[plugkit-wasm] evt: {"embed_dim":384,"event":"embed.model-loaded","model":"BAAI/bge-small-en-v1.5","num_hidden_layers":12,"safetensors_bytes":133466304,"tokenizer_bytes":711396,"ts":1783806783730}
[plugkit-wasm:warn] embed::init_ctx OK (host_delegated=false)
[plugkit-wasm] evt: {"event":"embed_init_ok","host_delegated":false,"safetensors_bytes":133466304,"tokenizer_bytes":711396,"ts":1783806783731}

--- supervisor spawn 2026-07-11T21:53:26.279Z parent=204456 ---

--- watcher spawn 2026-07-11T21:53:26.666Z supervisor=183108 reason=initial ---
[plugkit-wasm] stale lock (holder pid=194204 dead, age=31533ms); taking over
[plugkit-wasm] SILENT ABORT detected: prior watcher pid=194204 sha=48ccb37424c4 died without writing .shutdown-reason.json (age=31533ms, prior_pid_alive=false)
[plugkit-wasm] plugkit v0.1.849 (wasm)
[plugkit-wasm] watching C:\dev\tj\.gm\exec-spool\in
[plugkit-wasm] spool watcher running
[plugkit-wasm] evt: {"event":"codeinsight_rebuild","reason":"digest-absent","stored_then_current":"v2:80ea7bb005f0db11:files=21","ts":1783806811471}
[plugkit-wasm:warn] code_index: indexing root=. files=25 libsql_ok=true manifests=5
[plugkit-wasm] evt: {"event":"embed.wasm-loading","reason":"host_vec_embed probe failed; loading wasm-side bert model","ts":1783806811880}
[plugkit-wasm] evt: {"embed_dim":384,"event":"embed.model-loaded","model":"BAAI/bge-small-en-v1.5","num_hidden_layers":12,"safetensors_bytes":133466304,"tokenizer_bytes":711396,"ts":1783806815886}
[plugkit-wasm:warn] embed::init_ctx OK (host_delegated=false)
[plugkit-wasm] evt: {"event":"embed_init_ok","host_delegated":false,"safetensors_bytes":133466304,"tokenizer_bytes":711396,"ts":1783806815887}
[plugkit-wasm:warn] code_index: partial pass (wall budget) files_indexed=6 deferred_files=15 embedded=10 reused=24 -- digest withheld, next call resumes
[plugkit-wasm] evt: {"deferred_files":15,"embedded":10,"event":"codeinsight_index_partial","files_indexed":6,"ts":1783806827418}
[plugkit-wasm] evt: {"deferred_count":0,"event":"rssearch_vectors_migrated","migrated_count":16,"namespace":"codeinsight","skipped_count":0,"ts":1783806828041}
[plugkit-wasm] evt: {"event":"embed.query_cache_hit","query_len":12,"ts":1783806828125}
[dispatch] -> verb=instruction task=3 body=71b
[plugkit-wasm] evt: {"event":"recall","hit":false,"mode":"auto_recall","n_hits":0,"namespace":"default","query":"Get tianji project run training using","sub":"memory","ts":1783806829015}
[plugkit-wasm] evt: {"event":"recall","hit":false,"mode":"auto_recall","n_hits":0,"namespace":"default","query":"ccwatch project tianji","sub":"memory","ts":1783806829278}
[plugkit-wasm:warn] instruction::handle start body_len=71
[plugkit-wasm:err] WASM PANIC at src/orchestrator/mod.rs:73:5: gm_dir: project root resolution failed after 5 attempts via `git rev-parse --show-toplevel --git-common-dir` -- refusing to silently fall back to CLAUDE_PROJECT_DIR/HOME, which would mis-root every stateful verb onto the wrong tree. Check for git subprocess/lock contention or a missing .git directory.
[plugkit-wasm] evt: {"event":"wasm_panic","location":"src/orchestrator/mod.rs:73:5","message":"gm_dir: project root resolution failed after 5 attempts via `git rev-parse --show-toplevel --git-common-dir` -- refusing to silently fall back to CLAUDE_PROJECT_DIR/HOME, which would mis-root every stateful verb onto the wrong tree. Check for git subprocess/lock contention or a missing .git directory.","ts":1783806830013}
[plugkit-wasm] error processing instruction\3.txt: Unreachable code should not be executed (evaluating 'dispatch(verbPtr, verbBytes.length, bodyPtr, bodyBytes.length)')

--- supervisor spawn 2026-07-11T21:54:17.219Z parent=201968 ---

--- watcher spawn 2026-07-11T21:54:17.568Z supervisor=202996 reason=initial ---
[plugkit-wasm] stale lock (holder pid=202888 dead, age=16079ms); taking over
[plugkit-wasm] SILENT ABORT detected: prior watcher pid=202888 sha=48ccb37424c4 died without writing .shutdown-reason.json (age=50940ms, prior_pid_alive=false)
[plugkit-wasm] plugkit v0.1.849 (wasm)
[plugkit-wasm] watching C:\dev\tj\.gm\exec-spool\in
[plugkit-wasm] UNPLANNED RESTART detected -- prior watcher died without writing .shutdown-reason.json. prior_status_age_ms=15659 boot_reason=initial
[plugkit-wasm] spool watcher running
[plugkit-wasm] evt: {"event":"codeinsight_rebuild","reason":"digest-absent","stored_then_current":"v2:80ea7bb005f0db11:files=21","ts":1783806862400}
[plugkit-wasm:warn] code_index: indexing root=. files=25 libsql_ok=true manifests=6
[plugkit-wasm] evt: {"event":"embed.wasm-loading","reason":"host_vec_embed probe failed; loading wasm-side bert model","ts":1783806862782}
[plugkit-wasm] evt: {"embed_dim":384,"event":"embed.model-loaded","model":"BAAI/bge-small-en-v1.5","num_hidden_layers":12,"safetensors_bytes":133466304,"tokenizer_bytes":711396,"ts":1783806866487}
[plugkit-wasm:warn] embed::init_ctx OK (host_delegated=false)
[plugkit-wasm] evt: {"event":"embed_init_ok","host_delegated":false,"safetensors_bytes":133466304,"tokenizer_bytes":711396,"ts":1783806866489}
